src:src
doc:doc
data/translations:data/translations
data/bigtail1.png:data/bigtail1.png
data/bigtail2.png:data/bigtail2.png
data/cassette.dae:data/cassette.dae
data/cassette.png:data/cassette.png
data/default.ttf:data/default.ttf
data/glow.png:data/glow.png
data/international.ttf:data/international.ttf
data/key.dae:data/key.dae
data/kill1.png:data/kill1.png
data/kill2.png:data/kill2.png
data/label.dae:data/label.dae
data/left.png:data/left.png
data/library.dae:data/library.dae
data/library_label.dae:data/library_label.dae
data/mfhlogo.png:data/mfhlogo.png
data/neckblackback.png:data/neckblackback.png
data/note.dae:data/note.dae
data/open.dae:data/open.dae
data/right.png:data/right.png
data/star.dae:data/star.dae
data/tail1.png:data/tail1.png
data/tail2.png:data/tail2.png
data/theme.ini:data/theme.ini
data/title.ttf:data/title.ttf
data/versiontag.png:data/versiontag.png
data/sounds:data/sounds
data/necks:data/necks
data/tutorials/jurgenfof:data/tutorials/jurgenfof
data/tutorials/drumtest:data/tutorials/drumtest
data/mods/MegaLight RB Notes/themes/MegaLight/drumnotes.png:data/mods/MegaLight RB Notes/themes/MegaLight/
data/themes/MegaLight:data/themes/MegaLight
dist/FretsOnFire:.
dist/FretsOnFire.bin:.
AUTHORS:.
COPYING:.
CREDITS:.
NEWS:.
README:.
../FoFiX-wiki:FoFiX-wiki/
dist/array.so:.
dist/binascii.so:.
dist/_bisect.so:.
dist/bz2.so:.
dist/collections.so:.
dist/cPickle.so:.
dist/cStringIO.so:.
dist/_ctypes.so:.
dist/_curses.so:.
dist/datetime.so:.
dist/_dotblas.so:.
dist/fcntl.so:.
dist/grp.so:.
dist/_heapq.so:.
dist/_imaging.so:.
dist/itertools.so:.
dist/libffi.so.5:.
dist/liblapack.so.3gf:.
dist/libmikmod.so.2:.
dist/libogg.so.0:.
dist/libpython2.4.so.1.0:.
dist/libSDL_mixer-1.2.so.0:.
dist/libSDL_ttf-2.0.so.0:.
dist/libsmpeg-0.4.so.0:.
dist/libvorbisfile.so.3:.
dist/libvorbis.so.0:.
dist/_locale.so:.
dist/math.so:.
dist/md5.so:.
dist/mmap.so:.
dist/multiarray.so:.
dist/numpy.core._dotblas.so:.
dist/numpy.core.multiarray.so:.
dist/numpy.core.scalarmath.so:.
dist/numpy.core._sort.so:.
dist/numpy.core.umath.so:.
dist/numpy.fft.fftpack_lite.so:.
dist/numpy.lib._compiled_base.so:.
dist/numpy.linalg.lapack_lite.so:.
dist/numpy.random.mtrand.so:.
dist/_numpy.so:.
dist/ogg._ogg.so:.
dist/ogg.vorbis.so:.
dist/OpenGL.GL.ARB.multisample.so:.
dist/OpenGL.GL.GL__init___.so:.
dist/OpenGL.GLU.GLU__init___.so:.
dist/operator.so:.
dist/parser.so:.
dist/pygame.base.so:.
dist/pygame.cdrom.so:.
dist/pygame.constants.so:.
dist/pygame.display.so:.
dist/pygame.draw.so:.
dist/pygame.event.so:.
dist/pygame.fastevent.so:.
dist/pygame.font.so:.
dist/pygame.imageext.so:.
dist/pygame.image.so:.
dist/pygame.joystick.so:.
dist/pygame.key.so:.
dist/pygame.mixer_music.so:.
dist/pygame.mixer.so:.
dist/pygame.mouse.so:.
dist/pygame.movie.so:.
dist/pygame.overlay.so:.
dist/pygame.rect.so:.
dist/pygame.rwobject.so:.
dist/pygame.sndarray.so:.
dist/pygame.surface.so:.
dist/pygame.surfarray.so:.
dist/pygame.surflock.so:.
dist/pygame.time.so:.
dist/pygame.transform.so:.
dist/_random.so:.
dist/readline.so:.
dist/select.so:.
dist/sha.so:.
dist/_socket.so:.
dist/_ssl.so:.
dist/strop.so:.
dist/struct.so:.
dist/termios.so:.
dist/time.so:.
dist/_tkinter.so:.
dist/umath.so:.
dist/_weakref.so:.
dist/xml.parsers.pyexpat.so:.
dist/xml.parsers.sgmlop.so:.
dist/zlib.so:.
