"*."//get all extentionless files
"*.exe"//all exes
"fofix.ini"//inis
"src\*.*"//all src files
"src\midi\*.*"//all src/midi files
"doc\*.*"//all other doc files
"data\library.zip"//library
"data\versiontag.png"//taggin
"wiki\*.*"//all wiki pages
//-------Additional files required over 3.100--------
"data\shaders\*.*"
"data\users\controllers\defaultd.ini"
"data\users\controllers\defaultg.ini"
"data\users\controllers\defaultm.ini"
"data\users\players\default.ini"
"data\users\players\default.png"
//-------Additional / updated compiled .PYDs required over 3.100--------
"data\_compiled_base.pyd"//new
"data\_ctypes.pyd"//new
"data\_numpy.pyd"//new
"data\_sort.pyd"//new
"data\_tkinter.pyd"//new
"data\fftpack_lite.pyd"//new
"data\lapack_lite.pyd"//new
"data\mtrand.pyd"//new
"data\scalarmath.pyd"//new
"data\umath.pyd"//new
"data\win32pdh.pyd"//new
"data\win32pipe.pyd"//new
//-------Additional images required over 3.000--------
"data\themes\MegaLight\vocals\*.png" //new images
