"*.*"//get all root files
"src\*.*"//all src files
"src\midi\*.*"//all src/midi files
"wiki\*.*"//all wiki pages
"doc\*.*"//all other doc files
"data\*.*"
"data\avatars\*.*"
"data\mods\*.*"
"data\necks\*.*"
"data\po\*.*"
"data\shaders\*.*"
"data\sounds\*.*"
"data\themes\*.*"
"data\translations\*.*"
"data\tutorials\*.*"
"data\users\*.*"
"data\vocals\*.*"
"data\mods\Cassettes\*.*"
"data\mods\Guitar Cases\*.*"
"data\mods\Low Poly CD List\*.*"
"data\mods\MegaLight RB Notes\*.*"
"data\mods\MegaLight RB Notes\themes\*.*"
"data\mods\MegaLight RB Notes\themes\MegaLight\*.*"
"data\themes\MegaLight\*.*"
"data\themes\MegaLight GH3\*.*"
"data\themes\Uberlight\*.*"
"data\themes\MegaLight\menu\*.*"
"data\themes\MegaLight\sounds\*.*"
"data\themes\MegaLight\stages\*.*"
"data\themes\MegaLight\vocals\*.*"
"data\themes\MegaLight GH3\menu\*.*"
"data\themes\MegaLight GH3\sounds\*.*"
"data\themes\MegaLight GH3\stages\*.*"
"data\themes\Uberlight\menu\*.*"
"data\themes\Uberlight\sounds\*.*"
"data\tutorials\bangbang\*.*"
"data\tutorials\drumrolls\*.*"
"data\tutorials\drumtest\*.*"
"data\tutorials\jurgenfof\*.*"
"data\users\controllers\*.*"
"data\users\players\*.*"
